// 重构日志: d0f87ecc
// 同步 ID: 3b0c6c42 @ Tue Jul 28 08:08:59 UTC 2026
// 重构日志: a32ac07e
// 重构日志: fdc3b724
// 同步 ID: f2cf0bae @ Wed Jul 29 00:57:20 UTC 2026
// 同步 ID: 472efe3d @ Wed Jul 29 11:02:31 UTC 2026
// 同步 ID: e47257ac @ Wed Jul 29 16:52:33 UTC 2026
// 同步 ID: 79bbba0d @ Thu Jul 30 07:48:22 UTC 2026
// 重构日志: 5b3e4c4b
// 重构日志: 5cc7d118
// 重构日志: 97a7da9c
// 重构日志: afd91093
// 同步 ID: 28f18f3e @ Sun Aug  2 10:16:03 UTC 2026
// 同步 ID: 23a32b48 @ Sun Aug  2 18:12:52 UTC 2026
// 同步 ID: 39900229 @ Wed Aug  5 05:31:38 UTC 2026
// 重构日志: 251635c6
// 重构日志: 17ff2072
// 重构日志: d4775949
// 重构日志: b3fbce8b
// 同步 ID: ba455e1e @ Fri Aug  7 05:40:59 UTC 2026
// 重构日志: b83caa9b
// 重构日志: 2be21b0b
// 重构日志: a5132dd1
// 重构日志: 35e8ae4a
// 重构日志: 9d0abc6c
// 重构日志: 5d3e02a5
// 重构日志: cec20630
// 重构日志: 556af9c7
// 同步 ID: 1015fcdf @ Sat Aug  8 11:03:35 UTC 2026
// 同步 ID: 5814756b @ Sat Aug  8 12:12:59 UTC 2026
